
================================================================================
=== DOG WALKER GPS TRACKER - Session Started: 2026-01-20 11:44:04 ===
================================================================================
[11:44:04][INFO][SYSTEM] === SYSTEM STARTUP COMPLETE ===
[11:44:04][INFO][SYSTEM] Device: DOG_WALKER_001
[11:44:04][INFO][SYSTEM] Display: OK | SD: OK | Accel: OK
[11:44:04][INFO][SYSTEM] GPS: OK | Modem: OK | WiFi: OK
[11:44:04][INFO][WIFI] Connected to CTNF-Universal, IP: 192.168.29.107
[11:44:24][DEBUG][GPS] Chars: 10301, Good: 0, Errors: 1, Sats: 0
[11:44:54][DEBUG][GPS] Chars: 25584, Good: 0, Errors: 1, Sats: 0
[11:44:54][INFO][WIFI] Connected! IP: 192.168.29.107
[11:44:54][UPLOAD][UPLOAD] --- Starting upload check ---
[11:45:24][DEBUG][GPS] Chars: 40851, Good: 0, Errors: 1, Sats: 0
[11:45:54][UPLOAD][UPLOAD] --- Starting upload check ---
[11:45:54][DEBUG][GPS] Chars: 56129, Good: 0, Errors: 1, Sats: 0
[11:46:24][DEBUG][GPS] Chars: 71412, Good: 0, Errors: 1, Sats: 0
[11:46:54][UPLOAD][UPLOAD] --- Starting upload check ---
[11:46:54][DEBUG][GPS] Chars: 86675, Good: 0, Errors: 1, Sats: 0

================================================================================
=== DOG WALKER GPS TRACKER - Session Started: 2026-01-20 11:48:47 ===
================================================================================
[11:48:47][INFO][SYSTEM] === SYSTEM STARTUP COMPLETE ===
[11:48:47][INFO][SYSTEM] Device: DOG_WALKER_001
[11:48:47][INFO][SYSTEM] Display: OK | SD: OK | Accel: OK
[11:48:47][INFO][SYSTEM] GPS: OK | Modem: OK | WiFi: OK
[11:48:47][INFO][WIFI] Connected to CTNF-Universal, IP: 192.168.29.107
[11:48:47][INFO][GEOFENCE] Home: 28.536500, 77.254600 | Start: 100m | End: 30m
[11:48:47][INFO][GEOFENCE] Home WiFi: CTNF-Universal | Standby display off: 60s
[11:49:05][DEBUG][GPS] Chars: 704, Good: 0, Errors: 1, Sats: 0

================================================================================
=== DOG WALKER GPS TRACKER - Session Started: 2026-01-20 11:49:45 ===
================================================================================
[11:49:45][INFO][SYSTEM] === SYSTEM STARTUP COMPLETE ===
[11:49:45][INFO][SYSTEM] Device: DOG_WALKER_001
[11:49:45][INFO][SYSTEM] Display: OK | SD: OK | Accel: OK
[11:49:45][INFO][SYSTEM] GPS: OK | Modem: OK | WiFi: OK
[11:49:45][INFO][WIFI] Connected to CTNF-Universal, IP: 192.168.29.107
[11:49:45][INFO][GEOFENCE] Home: 28.536500, 77.254600 | Start: 100m | End: 30m
[11:49:45][INFO][GEOFENCE] Home WiFi: CTNF-Universal | Standby display off: 60s
[11:50:00][DEBUG][GPS] Chars: 785, Good: 0, Errors: 1, Sats: 0
[11:50:30][INFO][WIFI] Connected! IP: 192.168.29.107
[11:50:30][UPLOAD][UPLOAD] --- Starting upload check ---
[11:50:30][DEBUG][GPS] Chars: 1540, Good: 0, Errors: 2, Sats: 0
[11:51:30][INFO][STATUS] === Periodic Status Report ===
[11:51:30][INFO][STATUS] Uptime: 2 min | Free heap: 206576 bytes
[11:51:30][INFO][POWER] Battery: 77% | Standby: YES | Display: OFF
[11:51:30][INFO][GPS] Valid: NO | Sats: 0 | Lat: 0.000000 | Lon: 0.000000 | Speed: 0.0 km/h
[11:51:30][INFO][GPS] Chars: 1947 | Fixes: 0 | Errors: 2 | Alt: 0.0m
[11:51:30][INFO][GEOFENCE] AtHome: YES | Distance: -1m | WiFi: CTNF-Universal
[11:51:30][INFO][WALK] Active: NO | Today steps: 17
[11:51:30][INFO][UPLOAD] Pending: 0 | Today uploads: 0 | Failed: 0
[11:51:30][INFO][WIFI] Connected: CTNF-Universal | IP: 192.168.29.107 | RSSI: -40 dBm
[11:51:30][INFO][ACCEL] X: 0.12 | Y: -1.57 | Z: 10.63 | Mag: 10.75 | Moving: NO
[11:51:30][UPLOAD][UPLOAD] --- Starting upload check ---
[11:51:30][DEBUG][GPS] Chars: 2598, Good: 0, Errors: 3, Sats: 0
[11:52:25][INFO][WALK] ========== MANUAL WALK STARTED ==========
[11:52:25][INFO][WALK] Start location: GPS not available
[11:52:25][INFO][WALK] Unix timestamp: 1768890145
[11:52:25][INFO][WALK] Data file: /walks/walk_1768890145.json
[11:52:25][DEBUG][GPS] Chars: 3200, Good: 0, Errors: 5, Sats: 0
[11:52:30][UPLOAD][UPLOAD] --- Starting upload check ---
[11:52:49][INFO][WALK] ========== MANUAL WALK ENDED ==========
[11:52:49][INFO][WALK] Duration: 24 sec (0.4 min)
[11:52:49][INFO][WALK] Distance: 0 m (0.00 km)
[11:52:49][INFO][WALK] Data points: 0
[11:52:49][INFO][WALK] Steps: 5
[11:52:50][INFO][WALK] Queued for upload: /pending/walk_1768890145.json
[11:52:52][INFO][WALK] ========== MANUAL WALK STARTED ==========
[11:52:52][INFO][WALK] Start location: GPS not available
[11:52:52][INFO][WALK] Unix timestamp: 1768890172
[11:52:52][INFO][WALK] Data file: /walks/walk_1768890172.json
[11:52:55][DEBUG][GPS] Chars: 15889, Good: 0, Errors: 5, Sats: 0
[11:52:58][INFO][WALK] ========== MANUAL WALK ENDED ==========
[11:52:58][INFO][WALK] Duration: 6 sec (0.1 min)
[11:52:58][INFO][WALK] Distance: 0 m (0.00 km)
[11:52:58][INFO][WALK] Data points: 0
[11:52:58][INFO][WALK] Steps: 0
[11:52:58][INFO][WALK] Queued for upload: /pending/walk_1768890172.json
[11:52:59][INFO][WALK] ========== MANUAL WALK STARTED ==========
[11:52:59][INFO][WALK] Start location: GPS not available
[11:52:59][INFO][WALK] Unix timestamp: 1768890179
[11:52:59][INFO][WALK] Data file: /walks/walk_1768890179.json
[11:53:06][INFO][WALK] ========== MANUAL WALK ENDED ==========
[11:53:06][INFO][WALK] Duration: 6 sec (0.1 min)
[11:53:06][INFO][WALK] Distance: 0 m (0.00 km)
[11:53:06][INFO][WALK] Data points: 0
[11:53:06][INFO][WALK] Steps: 0
[11:53:06][INFO][WALK] Queued for upload: /pending/walk_1768890179.json

================================================================================
=== DOG WALKER GPS TRACKER - Session Started: 2026-01-20 11:53:35 ===
================================================================================
[11:53:35][INFO][SYSTEM] === SYSTEM STARTUP COMPLETE ===
[11:53:35][INFO][SYSTEM] Device: DOG_WALKER_001
[11:53:35][INFO][SYSTEM] Display: OK | SD: OK | Accel: OK
[11:53:35][INFO][SYSTEM] GPS: OK | Modem: OK | WiFi: OK
[11:53:35][INFO][WIFI] Connected to CTNF-Universal, IP: 192.168.29.107
[11:53:35][INFO][GEOFENCE] Home: 28.536500, 77.254600 | Start: 100m | End: 30m
[11:53:35][INFO][GEOFENCE] Home WiFi: CTNF-Universal | Standby display off: 60s
[11:53:38][INFO][WALK] ========== MANUAL WALK STARTED ==========
[11:53:38][INFO][WALK] Start location: GPS not available
[11:53:38][INFO][WALK] Unix timestamp: 1768890218
[11:53:38][INFO][WALK] Data file: /walks/walk_1768890218.json
[11:53:51][DEBUG][GPS] Chars: 6012, Good: 0, Errors: 1, Sats: 0
[11:54:21][INFO][WIFI] Connected! IP: 192.168.29.107
[11:54:21][UPLOAD][UPLOAD] --- Starting upload check ---
[11:54:22][UPLOAD][UPLOAD] === Processing: walk_1768890145.json ===
[11:54:22][ERROR][UPLOAD] SKIP walk_1768890145.json: Invalid file format (no newline)
[11:54:22][WARN][UPLOAD] Moved to: /failed/walk_1768890145.json
[11:54:22][UPLOAD][UPLOAD] === Processing: walk_1768890172.json ===
[11:54:22][ERROR][UPLOAD] SKIP walk_1768890172.json: Invalid file format (no newline)
[11:54:22][WARN][UPLOAD] Moved to: /failed/walk_1768890172.json
[11:54:22][UPLOAD][UPLOAD] === Processing: walk_1768890179.json ===
[11:54:22][ERROR][UPLOAD] SKIP walk_1768890179.json: Invalid file format (no newline)
[11:54:22][WARN][UPLOAD] Moved to: /failed/walk_1768890179.json
[11:54:22][DEBUG][GPS] Chars: 21025, Good: 0, Errors: 1, Sats: 0

================================================================================
=== DOG WALKER GPS TRACKER - Session Started: 2026-01-20 11:56:09 ===
================================================================================
[11:56:09][INFO][SYSTEM] === SYSTEM STARTUP COMPLETE ===
[11:56:09][INFO][SYSTEM] Device: DOG_WALKER_001
[11:56:09][INFO][SYSTEM] Display: OK | SD: OK | Accel: OK
[11:56:09][INFO][SYSTEM] GPS: OK | Modem: OK | WiFi: OK
[11:56:09][INFO][WIFI] Connected to CTNF-Universal, IP: 192.168.29.107
[11:56:09][INFO][GEOFENCE] Home: 28.536500, 77.254600 | Start: 100m | End: 30m
[11:56:09][INFO][GEOFENCE] Home WiFi: CTNF-Universal | Standby display off: 60s
[11:56:25][DEBUG][GPS] Chars: 348, Good: 0, Errors: 0, Sats: 0

================================================================================
=== DOG WALKER GPS TRACKER - Session Started: 2026-01-20 11:57:01 ===
================================================================================
[11:57:01][INFO][SYSTEM] === SYSTEM STARTUP COMPLETE ===
[11:57:01][INFO][SYSTEM] Device: DOG_WALKER_001
[11:57:01][INFO][SYSTEM] Display: OK | SD: OK | Accel: OK
[11:57:01][INFO][SYSTEM] GPS: OK | Modem: OK | WiFi: OK
[11:57:01][INFO][WIFI] Connected to CTNF-Universal, IP: 192.168.29.107
[11:57:01][INFO][GEOFENCE] Home: 28.536500, 77.254600 | Start: 100m | End: 30m
[11:57:01][INFO][GEOFENCE] Home WiFi: CTNF-Universal | Standby display off: 60s
[11:57:19][DEBUG][GPS] Chars: 324, Good: 0, Errors: 2, Sats: 0
[11:57:49][INFO][WIFI] Connected! IP: 192.168.29.107
[11:57:49][UPLOAD][UPLOAD] --- Starting upload check ---
[11:58:19][DEBUG][GPS] Chars: 901, Good: 0, Errors: 4, Sats: 0
[11:58:30][INFO][WALK] ========== MANUAL WALK STARTED ==========
[11:58:30][INFO][WALK] Start location: GPS not available
[11:58:30][INFO][WALK] Unix timestamp: 1768890510
[11:58:30][INFO][WALK] Data file: /walks/walk_1768890510.json

================================================================================
=== DOG WALKER GPS TRACKER - Session Started: 2026-01-20 12:19:23 ===
================================================================================
[12:19:23][INFO][SYSTEM] === SYSTEM STARTUP COMPLETE ===
[12:19:23][INFO][SYSTEM] Device: DOG_WALKER_001
[12:19:23][INFO][SYSTEM] Display: OK | SD: OK | Accel: OK
[12:19:23][INFO][SYSTEM] GPS: OK | Modem: FAIL | WiFi: OK
[12:19:23][INFO][WIFI] Connected to CTNF-Universal, IP: 192.168.29.106
[12:19:23][INFO][GEOFENCE] Home: 28.536500, 77.254600 | Start: 100m | End: 30m
[12:19:23][INFO][GEOFENCE] Home WiFi: CTNF-Universal | Standby display off: 60s
[12:19:27][DEBUG][GPS] Chars: 798, Good: 0, Errors: 0, Sats: 0

================================================================================
=== DOG WALKER GPS TRACKER - Session Started: 2026-01-20 12:19:40 ===
================================================================================
[12:19:40][INFO][SYSTEM] === SYSTEM STARTUP COMPLETE ===
[12:19:40][INFO][SYSTEM] Device: DOG_WALKER_001
[12:19:40][INFO][SYSTEM] Display: OK | SD: OK | Accel: OK
[12:19:40][INFO][SYSTEM] GPS: OK | Modem: OK | WiFi: OK
[12:19:40][INFO][WIFI] Connected to CTNF-Universal, IP: 192.168.29.106
[12:19:40][INFO][GEOFENCE] Home: 28.536500, 77.254600 | Start: 100m | End: 30m
[12:19:40][INFO][GEOFENCE] Home WiFi: CTNF-Universal | Standby display off: 60s
[12:20:00][DEBUG][GPS] Chars: 494, Good: 0, Errors: 2, Sats: 0
[12:20:30][INFO][WIFI] Connected! IP: 192.168.29.106
[12:20:30][UPLOAD][UPLOAD] --- Starting upload check ---
[12:20:30][UPLOAD][UPLOAD] === Processing: walk_76.json ===
[12:20:31][UPLOAD][UPLOAD] Parsed 352 GPS points from file
[12:20:31][UPLOAD][UPLOAD] URL: https://sunilperformancetracker-production.up.railway.app/api/walks/upload
[12:20:33][UPLOAD][UPLOAD] Payload size: 899 bytes, sending POST...

================================================================================
=== DOG WALKER GPS TRACKER - Session Started: 2026-01-20 12:20:56 ===
================================================================================
[12:20:56][INFO][SYSTEM] === SYSTEM STARTUP COMPLETE ===
[12:20:56][INFO][SYSTEM] Device: DOG_WALKER_001
[12:20:56][INFO][SYSTEM] Display: OK | SD: OK | Accel: OK
[12:20:56][INFO][SYSTEM] GPS: OK | Modem: FAIL | WiFi: OK
[12:20:56][INFO][WIFI] Connected to CTNF-Universal, IP: 192.168.29.106
[12:20:56][INFO][GEOFENCE] Home: 28.536500, 77.254600 | Start: 100m | End: 30m
[12:20:56][INFO][GEOFENCE] Home WiFi: CTNF-Universal | Standby display off: 60s
[12:21:04][DEBUG][GPS] Chars: 487, Good: 0, Errors: 2, Sats: 0
[12:21:34][INFO][WIFI] Connected! IP: 192.168.29.106
[12:21:34][UPLOAD][UPLOAD] --- Starting upload check ---
[12:21:34][UPLOAD][UPLOAD] === Processing: walk_76.json ===
[12:21:35][UPLOAD][UPLOAD] Parsed 352 GPS points from file
[12:21:35][UPLOAD][UPLOAD] URL: https://sunilperformancetracker-production.up.railway.app/api/walks/upload
[12:21:38][UPLOAD][UPLOAD] Payload size: 682 bytes, sending POST...

================================================================================
=== DOG WALKER GPS TRACKER - Session Started: 2026-01-20 12:21:49 ===
================================================================================
[12:21:49][INFO][SYSTEM] === SYSTEM STARTUP COMPLETE ===
[12:21:49][INFO][SYSTEM] Device: DOG_WALKER_001
[12:21:49][INFO][SYSTEM] Display: OK | SD: OK | Accel: OK
[12:21:49][INFO][SYSTEM] GPS: OK | Modem: OK | WiFi: OK
[12:21:49][INFO][WIFI] Connected to CTNF-Universal, IP: 192.168.29.106
[12:21:49][INFO][GEOFENCE] Home: 28.536500, 77.254600 | Start: 100m | End: 30m
[12:21:49][INFO][GEOFENCE] Home WiFi: CTNF-Universal | Standby display off: 60s
[12:22:08][DEBUG][GPS] Chars: 335, Good: 0, Errors: 2, Sats: 0
[12:22:38][INFO][GPS] First fix! Raw: 28.536313, 77.254382 | Filtered: 28.536313, 77.254382
[12:22:38][DEBUG][GPS] Chars: 718, Good: 1, Errors: 3, Sats: 6
[12:22:38][INFO][WIFI] Connected! IP: 192.168.29.106
[12:22:38][UPLOAD][UPLOAD] --- Starting upload check ---
[12:22:38][UPLOAD][UPLOAD] === Processing: walk_76.json ===
[12:22:40][UPLOAD][UPLOAD] Parsed 352 GPS points from file
[12:22:40][UPLOAD][UPLOAD] URL: https://sunilperformancetracker-production.up.railway.app/api/walks/upload
[12:22:42][UPLOAD][UPLOAD] Payload size: 682 bytes, sending POST...

================================================================================
=== DOG WALKER GPS TRACKER - Session Started: 2026-01-20 06:53:18 ===
================================================================================
[06:53:18][INFO][SYSTEM] === SYSTEM STARTUP COMPLETE ===
[06:53:18][INFO][SYSTEM] Device: DOG_WALKER_001
[06:53:18][INFO][SYSTEM] Display: OK | SD: OK | Accel: OK
[06:53:18][INFO][SYSTEM] GPS: OK | Modem: FAIL | WiFi: FAIL
[06:53:18][INFO][GEOFENCE] Home: 28.536500, 77.254600 | Start: 100m | End: 30m
[06:53:18][INFO][GEOFENCE] Home WiFi: CTNF-Universal | Standby display off: 60s
[06:53:19][INFO][GPS] First fix! Raw: 28.536182, 77.254547 | Filtered: 28.536182, 77.254547
[06:53:19][DEBUG][GPS] Chars: 265, Good: 1, Errors: 1, Sats: 0
[06:53:42][INFO][WIFI] Attempting reconnection...
[06:53:57][WARN][WIFI] Reconnection failed
[06:53:58][DEBUG][GPS] Chars: 1390, Good: 3, Errors: 3, Sats: 6
[06:53:58][INFO][WALK] ========== WALK STARTED ==========
[06:53:58][INFO][WALK] Start location: 28.536266, 77.255184
[06:53:58][INFO][WALK] GPS satellites: 6, Speed: 1.3 km/h
[06:53:58][INFO][WALK] Unix timestamp: 1768892038
[06:53:58][INFO][WALK] Data file: /walks/walk_1768892038.json
[06:54:28][DEBUG][GPS] Chars: 20368, Good: 54, Errors: 4, Sats: 6
[06:54:42][INFO][STATUS] === Periodic Status Report ===
[06:54:42][INFO][STATUS] Uptime: 2 min | Free heap: 207504 bytes
[06:54:42][INFO][POWER] Battery: 64% | Standby: NO | Display: ON
[06:54:42][INFO][GPS] Valid: YES | Sats: 6 | Lat: 28.536084 | Lon: 77.255472 | Speed: 3.6 km/h
[06:54:42][INFO][GPS] Chars: 30826 | Fixes: 82 | Errors: 4 | Alt: 270.1m
[06:54:42][INFO][GEOFENCE] AtHome: YES | Distance: 97m | WiFi: disconnected
[06:54:42][INFO][WALK] Active: YES | Duration: 43 sec | Distance: 34m | Points: 44
[06:54:42][INFO][WALK] Steps: 51 | MaxSpeed: 3.7 | AvgSpeed: 1.4 | Manual: NO
[06:54:42][INFO][UPLOAD] Pending: 2 | Today uploads: 0 | Failed: 0
[06:54:42][INFO][WIFI] Disconnected
[06:54:42][INFO][ACCEL] X: -0.55 | Y: 5.02 | Z: 8.51 | Mag: 9.90 | Moving: NO
[06:54:42][INFO][WIFI] Attempting reconnection...
[06:54:57][WARN][WIFI] Reconnection failed
[06:54:58][DEBUG][GPS] Chars: 31676, Good: 84, Errors: 5, Sats: 6
[06:55:03][INFO][GEOFENCE] Left home - auto-starting walk
[06:55:28][DEBUG][GPS] Chars: 53964, Good: 144, Errors: 5, Sats: 6
[06:55:42][INFO][WIFI] Attempting reconnection...
[06:55:57][WARN][WIFI] Reconnection failed
[06:55:58][DEBUG][GPS] Chars: 65362, Good: 175, Errors: 6, Sats: 6
[06:56:28][DEBUG][GPS] Chars: 87876, Good: 235, Errors: 6, Sats: 7
[06:56:42][INFO][STATUS] === Periodic Status Report ===
[06:56:42][INFO][STATUS] Uptime: 4 min | Free heap: 207504 bytes
[06:56:42][INFO][POWER] Battery: 64% | Standby: NO | Display: ON
[06:56:42][INFO][GPS] Valid: YES | Sats: 7 | Lat: 28.535911 | Lon: 77.255886 | Speed: 0.0 km/h
[06:56:42][INFO][GPS] Chars: 98378 | Fixes: 263 | Errors: 6 | Alt: 243.1m
[06:56:42][INFO][GEOFENCE] AtHome: NO | Distance: 142m | WiFi: disconnected
[06:56:42][INFO][WALK] Active: YES | Duration: 163 sec | Distance: 113m | Points: 134
[06:56:42][INFO][WALK] Steps: 165 | MaxSpeed: 6.7 | AvgSpeed: 1.8 | Manual: NO
[06:56:42][INFO][UPLOAD] Pending: 2 | Today uploads: 0 | Failed: 0
[06:56:42][INFO][WIFI] Disconnected
[06:56:42][INFO][ACCEL] X: -6.32 | Y: 9.06 | Z: 11.77 | Mag: 16.14 | Moving: YES
[06:56:42][INFO][WIFI] Attempting reconnection...
[06:56:58][WARN][WIFI] Reconnection failed
[06:56:58][DEBUG][GPS] Chars: 99340, Good: 265, Errors: 6, Sats: 7
[06:57:28][DEBUG][GPS] Chars: 121226, Good: 325, Errors: 6, Sats: 8
[06:57:42][INFO][WIFI] Attempting reconnection...
[06:57:57][WARN][WIFI] Reconnection failed
[06:57:58][DEBUG][GPS] Chars: 132439, Good: 355, Errors: 7, Sats: 9
[06:58:28][DEBUG][GPS] Chars: 155102, Good: 415, Errors: 7, Sats: 10
[06:58:42][INFO][STATUS] === Periodic Status Report ===
[06:58:42][INFO][STATUS] Uptime: 6 min | Free heap: 207288 bytes
[06:58:42][INFO][POWER] Battery: 64% | Standby: NO | Display: ON
[06:58:42][INFO][GPS] Valid: YES | Sats: 10 | Lat: 28.535863 | Lon: 77.255874 | Speed: 0.0 km/h
[06:58:42][INFO][GPS] Chars: 165469 | Fixes: 443 | Errors: 7 | Alt: 241.8m
[06:58:42][INFO][GEOFENCE] AtHome: NO | Distance: 143m | WiFi: disconnected
[06:58:42][INFO][WALK] Active: YES | Duration: 283 sec | Distance: 121m | Points: 225
[06:58:42][INFO][WALK] Steps: 304 | MaxSpeed: 6.7 | AvgSpeed: 1.1 | Manual: NO
[06:58:42][INFO][UPLOAD] Pending: 2 | Today uploads: 0 | Failed: 0
[06:58:42][INFO][WIFI] Disconnected
[06:58:42][INFO][ACCEL] X: -2.04 | Y: 5.45 | Z: 8.32 | Mag: 10.15 | Moving: NO
[06:58:42][INFO][WIFI] Attempting reconnection...
[06:58:58][WARN][WIFI] Reconnection failed
[06:58:58][DEBUG][GPS] Chars: 166479, Good: 445, Errors: 8, Sats: 10
[06:59:28][DEBUG][GPS] Chars: 189048, Good: 505, Errors: 8, Sats: 9
[06:59:43][INFO][WIFI] Attempting reconnection...
[06:59:58][WARN][WIFI] Reconnection failed
[06:59:58][DEBUG][GPS] Chars: 200677, Good: 535, Errors: 9, Sats: 10
[07:00:28][DEBUG][GPS] Chars: 223546, Good: 595, Errors: 9, Sats: 10
[07:00:42][INFO][STATUS] === Periodic Status Report ===
[07:00:42][INFO][STATUS] Uptime: 8 min | Free heap: 207288 bytes
[07:00:42][INFO][POWER] Battery: 64% | Standby: NO | Display: ON
[07:00:42][INFO][GPS] Valid: YES | Sats: 10 | Lat: 28.535871 | Lon: 77.255876 | Speed: 0.0 km/h
[07:00:42][INFO][GPS] Chars: 234019 | Fixes: 623 | Errors: 9 | Alt: 243.7m
[07:00:42][INFO][GEOFENCE] AtHome: NO | Distance: 143m | WiFi: disconnected
[07:00:42][INFO][WALK] Active: YES | Duration: 403 sec | Distance: 124m | Points: 315
[07:00:42][INFO][WALK] Steps: 403 | MaxSpeed: 6.7 | AvgSpeed: 0.8 | Manual: NO
[07:00:42][INFO][UPLOAD] Pending: 2 | Today uploads: 0 | Failed: 0
[07:00:42][INFO][WIFI] Disconnected
[07:00:42][INFO][ACCEL] X: -4.71 | Y: 4.35 | Z: 10.90 | Mag: 12.65 | Moving: YES
[07:00:43][INFO][WIFI] Attempting reconnection...
[07:00:58][WARN][WIFI] Reconnection failed
[07:00:58][DEBUG][GPS] Chars: 235111, Good: 625, Errors: 10, Sats: 10
[07:01:28][DEBUG][GPS] Chars: 257221, Good: 685, Errors: 10, Sats: 11
[07:01:43][INFO][WIFI] Attempting reconnection...
[07:01:58][WARN][WIFI] Reconnection failed
[07:01:58][DEBUG][GPS] Chars: 268631, Good: 715, Errors: 11, Sats: 12
[07:02:28][DEBUG][GPS] Chars: 291640, Good: 775, Errors: 11, Sats: 12
[07:02:42][INFO][STATUS] === Periodic Status Report ===
[07:02:42][INFO][STATUS] Uptime: 10 min | Free heap: 207244 bytes
[07:02:42][INFO][POWER] Battery: 64% | Standby: NO | Display: ON
[07:02:42][INFO][GPS] Valid: YES | Sats: 12 | Lat: 28.535896 | Lon: 77.255871 | Speed: 0.0 km/h
[07:02:42][INFO][GPS] Chars: 302406 | Fixes: 803 | Errors: 11 | Alt: 242.6m
[07:02:42][INFO][GEOFENCE] AtHome: NO | Distance: 141m | WiFi: disconnected
[07:02:42][INFO][WALK] Active: YES | Duration: 523 sec | Distance: 129m | Points: 405
[07:02:42][INFO][WALK] Steps: 569 | MaxSpeed: 6.7 | AvgSpeed: 0.6 | Manual: NO
[07:02:42][INFO][UPLOAD] Pending: 2 | Today uploads: 0 | Failed: 0
[07:02:42][INFO][WIFI] Disconnected
[07:02:42][INFO][ACCEL] X: -0.86 | Y: 5.26 | Z: 9.14 | Mag: 10.58 | Moving: NO
[07:02:43][INFO][WIFI] Attempting reconnection...
[07:02:58][WARN][WIFI] Reconnection failed
[07:02:58][DEBUG][GPS] Chars: 303435, Good: 805, Errors: 12, Sats: 12
[07:03:28][DEBUG][GPS] Chars: 326594, Good: 865, Errors: 12, Sats: 12
[07:03:43][INFO][WIFI] Attempting reconnection...
[07:03:58][WARN][WIFI] Reconnection failed
[07:03:58][DEBUG][GPS] Chars: 338372, Good: 895, Errors: 13, Sats: 13
[07:04:28][DEBUG][GPS] Chars: 361631, Good: 955, Errors: 13, Sats: 12
[07:04:42][INFO][STATUS] === Periodic Status Report ===
[07:04:42][INFO][STATUS] Uptime: 12 min | Free heap: 207244 bytes
[07:04:42][INFO][POWER] Battery: 64% | Standby: NO | Display: ON
[07:04:42][INFO][GPS] Valid: YES | Sats: 13 | Lat: 28.535889 | Lon: 77.255861 | Speed: 0.5 km/h
[07:04:42][INFO][GPS] Chars: 372401 | Fixes: 983 | Errors: 13 | Alt: 242.3m
[07:04:42][INFO][GEOFENCE] AtHome: NO | Distance: 141m | WiFi: disconnected
[07:04:42][INFO][WALK] Active: YES | Duration: 643 sec | Distance: 135m | Points: 495
[07:04:42][INFO][WALK] Steps: 755 | MaxSpeed: 6.7 | AvgSpeed: 0.5 | Manual: NO
[07:04:42][INFO][UPLOAD] Pending: 2 | Today uploads: 0 | Failed: 0
[07:04:42][INFO][WIFI] Disconnected
[07:04:42][INFO][ACCEL] X: -0.98 | Y: 4.16 | Z: 8.08 | Mag: 9.14 | Moving: NO
[07:04:43][INFO][WIFI] Attempting reconnection...
[07:04:58][WARN][WIFI] Reconnection failed
[07:04:58][DEBUG][GPS] Chars: 373459, Good: 985, Errors: 14, Sats: 13
[07:05:28][DEBUG][GPS] Chars: 396952, Good: 1046, Errors: 14, Sats: 13
[07:05:43][INFO][WIFI] Attempting reconnection...
[07:05:58][WARN][WIFI] Reconnection failed
[07:05:58][DEBUG][GPS] Chars: 408849, Good: 1075, Errors: 15, Sats: 13
[07:06:28][DEBUG][GPS] Chars: 432198, Good: 1135, Errors: 15, Sats: 15
[07:06:42][INFO][STATUS] === Periodic Status Report ===
[07:06:42][INFO][STATUS] Uptime: 14 min | Free heap: 207244 bytes
[07:06:42][INFO][POWER] Battery: 64% | Standby: NO | Display: ON
[07:06:42][INFO][GPS] Valid: YES | Sats: 14 | Lat: 28.535870 | Lon: 77.255862 | Speed: 0.0 km/h
[07:06:42][INFO][GPS] Chars: 443040 | Fixes: 1163 | Errors: 15 | Alt: 244.6m
[07:06:42][INFO][GEOFENCE] AtHome: NO | Distance: 142m | WiFi: disconnected
[07:06:42][INFO][WALK] Active: YES | Duration: 763 sec | Distance: 139m | Points: 585
[07:06:42][INFO][WALK] Steps: 931 | MaxSpeed: 6.7 | AvgSpeed: 0.4 | Manual: NO
[07:06:42][INFO][UPLOAD] Pending: 2 | Today uploads: 0 | Failed: 0
[07:06:42][INFO][WIFI] Disconnected
[07:06:42][INFO][ACCEL] X: 0.24 | Y: 1.37 | Z: 7.96 | Mag: 8.08 | Moving: NO
[07:06:43][INFO][WIFI] Attempting reconnection...
[07:06:58][WARN][WIFI] Reconnection failed
[07:06:58][DEBUG][GPS] Chars: 444153, Good: 1166, Errors: 16, Sats: 14
[07:07:28][DEBUG][GPS] Chars: 467553, Good: 1225, Errors: 16, Sats: 15
[07:07:43][INFO][WIFI] Attempting reconnection...
[07:07:58][WARN][WIFI] Reconnection failed
[07:07:58][DEBUG][GPS] Chars: 479597, Good: 1256, Errors: 17, Sats: 13
[07:08:28][DEBUG][GPS] Chars: 502940, Good: 1316, Errors: 17, Sats: 15
[07:08:42][INFO][STATUS] === Periodic Status Report ===
[07:08:42][INFO][STATUS] Uptime: 16 min | Free heap: 207244 bytes
[07:08:42][INFO][POWER] Battery: 64% | Standby: NO | Display: ON
[07:08:42][INFO][GPS] Valid: YES | Sats: 14 | Lat: 28.535799 | Lon: 77.255880 | Speed: 0.0 km/h
[07:08:42][INFO][GPS] Chars: 513800 | Fixes: 1343 | Errors: 17 | Alt: 251.1m
[07:08:42][INFO][GEOFENCE] AtHome: NO | Distance: 147m | WiFi: disconnected
[07:08:42][INFO][WALK] Active: YES | Duration: 883 sec | Distance: 151m | Points: 675
[07:08:42][INFO][WALK] Steps: 1114 | MaxSpeed: 6.7 | AvgSpeed: 0.4 | Manual: NO
[07:08:42][INFO][UPLOAD] Pending: 2 | Today uploads: 0 | Failed: 0
[07:08:42][INFO][WIFI] Disconnected
[07:08:42][INFO][ACCEL] X: -5.96 | Y: 5.77 | Z: 9.49 | Mag: 12.61 | Moving: YES
[07:08:43][INFO][WIFI] Attempting reconnection...
[07:08:58][WARN][WIFI] Reconnection failed
[07:08:58][DEBUG][GPS] Chars: 514914, Good: 1345, Errors: 18, Sats: 14
[07:09:28][DEBUG][GPS] Chars: 537829, Good: 1406, Errors: 18, Sats: 15
[07:09:43][INFO][WIFI] Attempting reconnection...
[07:09:58][WARN][WIFI] Reconnection failed
[07:09:58][DEBUG][GPS] Chars: 549626, Good: 1436, Errors: 19, Sats: 13
[07:10:28][DEBUG][GPS] Chars: 573269, Good: 1496, Errors: 19, Sats: 15
[07:10:42][INFO][STATUS] === Periodic Status Report ===
[07:10:42][INFO][STATUS] Uptime: 18 min | Free heap: 207244 bytes
[07:10:42][INFO][POWER] Battery: 64% | Standby: NO | Display: ON
[07:10:42][INFO][GPS] Valid: YES | Sats: 15 | Lat: 28.535808 | Lon: 77.255911 | Speed: 0.2 km/h
[07:10:42][INFO][GPS] Chars: 584347 | Fixes: 1523 | Errors: 19 | Alt: 243.0m
[07:10:42][INFO][GEOFENCE] AtHome: NO | Distance: 149m | WiFi: disconnected
[07:10:42][INFO][WALK] Active: YES | Duration: 1004 sec | Distance: 161m | Points: 765
[07:10:42][INFO][WALK] Steps: 1231 | MaxSpeed: 6.7 | AvgSpeed: 0.4 | Manual: NO
[07:10:42][INFO][UPLOAD] Pending: 2 | Today uploads: 0 | Failed: 0
[07:10:42][INFO][WIFI] Disconnected
[07:10:42][INFO][ACCEL] X: -4.08 | Y: 6.20 | Z: 10.94 | Mag: 13.22 | Moving: YES
[07:10:43][INFO][WIFI] Attempting reconnection...
[07:10:58][WARN][WIFI] Reconnection failed
[07:10:58][DEBUG][GPS] Chars: 585501, Good: 1526, Errors: 20, Sats: 15
[07:11:28][DEBUG][GPS] Chars: 609426, Good: 1586, Errors: 20, Sats: 15
[07:11:43][INFO][WIFI] Attempting reconnection...
[07:11:58][WARN][WIFI] Reconnection failed
[07:11:58][DEBUG][GPS] Chars: 621634, Good: 1616, Errors: 21, Sats: 15
[07:12:28][DEBUG][GPS] Chars: 645652, Good: 1676, Errors: 21, Sats: 15
[07:12:42][INFO][STATUS] === Periodic Status Report ===
[07:12:42][INFO][STATUS] Uptime: 20 min | Free heap: 207244 bytes
[07:12:42][INFO][POWER] Battery: 64% | Standby: NO | Display: ON
[07:12:42][INFO][GPS] Valid: YES | Sats: 15 | Lat: 28.535890 | Lon: 77.256100 | Speed: 0.0 km/h
[07:12:42][INFO][GPS] Chars: 656639 | Fixes: 1703 | Errors: 21 | Alt: 242.6m
[07:12:42][INFO][GEOFENCE] AtHome: NO | Distance: 162m | WiFi: disconnected
[07:12:42][INFO][WALK] Active: YES | Duration: 1124 sec | Distance: 194m | Points: 855
[07:12:42][INFO][WALK] Steps: 1350 | MaxSpeed: 8.3 | AvgSpeed: 0.5 | Manual: NO
[07:12:42][INFO][UPLOAD] Pending: 2 | Today uploads: 0 | Failed: 0
[07:12:42][INFO][WIFI] Disconnected
[07:12:42][INFO][ACCEL] X: -1.49 | Y: 5.73 | Z: 8.08 | Mag: 10.02 | Moving: NO
[07:12:43][INFO][WIFI] Attempting reconnection...
[07:12:58][WARN][WIFI] Reconnection failed
[07:12:58][DEBUG][GPS] Chars: 657751, Good: 1706, Errors: 22, Sats: 14
[07:13:29][DEBUG][GPS] Chars: 681574, Good: 1766, Errors: 22, Sats: 15
[07:13:43][INFO][WIFI] Attempting reconnection...
[07:13:58][WARN][WIFI] Reconnection failed
[07:13:59][DEBUG][GPS] Chars: 693700, Good: 1797, Errors: 23, Sats: 14
[07:14:29][DEBUG][GPS] Chars: 717463, Good: 1857, Errors: 23, Sats: 14
[07:14:42][INFO][STATUS] === Periodic Status Report ===
[07:14:42][INFO][STATUS] Uptime: 22 min | Free heap: 207232 bytes
[07:14:42][INFO][POWER] Battery: 64% | Standby: NO | Display: ON
[07:14:42][INFO][GPS] Valid: YES | Sats: 14 | Lat: 28.535813 | Lon: 77.256104 | Speed: 0.0 km/h
[07:14:42][INFO][GPS] Chars: 728281 | Fixes: 1884 | Errors: 23 | Alt: 238.6m
[07:14:42][INFO][GEOFENCE] AtHome: NO | Distance: 166m | WiFi: disconnected
[07:14:42][INFO][WALK] Active: YES | Duration: 1244 sec | Distance: 215m | Points: 945
[07:14:42][INFO][WALK] Steps: 1481 | MaxSpeed: 8.3 | AvgSpeed: 0.5 | Manual: NO
[07:14:42][INFO][UPLOAD] Pending: 2 | Today uploads: 0 | Failed: 0
[07:14:42][INFO][WIFI] Disconnected
[07:14:42][INFO][ACCEL] X: -0.20 | Y: 6.43 | Z: 7.49 | Mag: 9.88 | Moving: NO
[07:14:43][INFO][WIFI] Attempting reconnection...
[07:14:58][WARN][WIFI] Reconnection failed
[07:14:59][DEBUG][GPS] Chars: 729461, Good: 1888, Errors: 24, Sats: 15
[07:15:29][DEBUG][GPS] Chars: 753410, Good: 1948, Errors: 24, Sats: 15
[07:15:43][INFO][WIFI] Attempting reconnection...
[07:15:58][WARN][WIFI] Reconnection failed
[07:15:59][DEBUG][GPS] Chars: 765600, Good: 1979, Errors: 24, Sats: 15
[07:16:29][DEBUG][GPS] Chars: 789964, Good: 2039, Errors: 24, Sats: 13
[07:16:42][INFO][STATUS] === Periodic Status Report ===
[07:16:42][INFO][STATUS] Uptime: 24 min | Free heap: 207244 bytes
[07:16:42][INFO][POWER] Battery: 63% | Standby: NO | Display: ON
[07:16:42][INFO][GPS] Valid: YES | Sats: 15 | Lat: 28.535882 | Lon: 77.256029 | Speed: 0.8 km/h
[07:16:42][INFO][GPS] Chars: 801071 | Fixes: 2066 | Errors: 24 | Alt: 239.8m
[07:16:42][INFO][GEOFENCE] AtHome: NO | Distance: 156m | WiFi: disconnected
[07:16:42][INFO][WALK] Active: YES | Duration: 1364 sec | Distance: 230m | Points: 1035
[07:16:42][INFO][WALK] Steps: 1612 | MaxSpeed: 8.3 | AvgSpeed: 0.5 | Manual: NO
[07:16:42][INFO][UPLOAD] Pending: 2 | Today uploads: 0 | Failed: 0
[07:16:42][INFO][WIFI] Disconnected
[07:16:42][INFO][ACCEL] X: 0.35 | Y: 5.26 | Z: 5.84 | Mag: 7.87 | Moving: NO
[07:16:43][INFO][WIFI] Attempting reconnection...
[07:16:58][WARN][WIFI] Reconnection failed
[07:16:59][DEBUG][GPS] Chars: 802347, Good: 2069, Errors: 25, Sats: 15
[07:17:29][DEBUG][GPS] Chars: 826532, Good: 2129, Errors: 25, Sats: 15
[07:17:43][INFO][WIFI] Attempting reconnection...
[07:17:58][WARN][WIFI] Reconnection failed
[07:17:59][DEBUG][GPS] Chars: 838912, Good: 2160, Errors: 26, Sats: 15
[07:18:29][DEBUG][GPS] Chars: 863154, Good: 2220, Errors: 26, Sats: 15
[07:18:42][INFO][STATUS] === Periodic Status Report ===
[07:18:42][INFO][STATUS] Uptime: 26 min | Free heap: 207244 bytes
[07:18:42][INFO][POWER] Battery: 62% | Standby: NO | Display: ON
[07:18:42][INFO][GPS] Valid: YES | Sats: 16 | Lat: 28.536270 | Lon: 77.255347 | Speed: 2.5 km/h
[07:18:42][INFO][GPS] Chars: 874225 | Fixes: 2247 | Errors: 26 | Alt: 220.9m
[07:18:42][INFO][GEOFENCE] AtHome: NO | Distance: 77m | WiFi: disconnected
[07:18:42][INFO][WALK] Active: YES | Duration: 1484 sec | Distance: 330m | Points: 1125
[07:18:42][INFO][WALK] Steps: 1783 | MaxSpeed: 8.3 | AvgSpeed: 0.7 | Manual: NO
[07:18:42][INFO][UPLOAD] Pending: 2 | Today uploads: 0 | Failed: 0
[07:18:42][INFO][WIFI] Disconnected
[07:18:42][INFO][ACCEL] X: 0.63 | Y: 3.33 | Z: 7.06 | Mag: 7.83 | Moving: NO
[07:18:43][INFO][WIFI] Attempting reconnection...
[07:18:58][WARN][WIFI] Reconnection failed
[07:18:59][DEBUG][GPS] Chars: 875537, Good: 2251, Errors: 27, Sats: 16
[07:19:29][DEBUG][GPS] Chars: 899802, Good: 2311, Errors: 27, Sats: 16
[07:19:43][INFO][WIFI] Attempting reconnection...
[07:19:58][WARN][WIFI] Reconnection failed
[07:19:59][DEBUG][GPS] Chars: 912087, Good: 2342, Errors: 28, Sats: 16
[07:20:28][INFO][GEOFENCE] Arrived home - auto-ending walk
[07:20:28][INFO][WALK] ========== MANUAL WALK ENDED ==========
[07:20:28][INFO][WALK] Duration: 1590 sec (26.5 min)
[07:20:28][INFO][WALK] Distance: 383 m (0.38 km)
[07:20:28][INFO][WALK] Data points: 1201
[07:20:28][INFO][WALK] Steps: 1945
[07:20:28][INFO][WALK] Queued for upload: /pending/walk_1768892038.json
[07:20:28][INFO][WALK] ========== WALK STARTED ==========
[07:20:29][INFO][WALK] Start location: 28.536308, 77.254862
[07:20:29][INFO][WALK] GPS satellites: 16, Speed: 3.2 km/h
[07:20:29][INFO][WALK] Unix timestamp: 1768893628
[07:20:29][INFO][WALK] Data file: /walks/walk_1768893628.json
[07:20:29][DEBUG][GPS] Chars: 936980, Good: 2403, Errors: 28, Sats: 16
[07:20:42][INFO][STATUS] === Periodic Status Report ===
[07:20:42][INFO][STATUS] Uptime: 28 min | Free heap: 206264 bytes
[07:20:42][INFO][POWER] Battery: 67% | Standby: NO | Display: ON
[07:20:42][INFO][GPS] Valid: YES | Sats: 15 | Lat: 28.536416 | Lon: 77.254681 | Speed: 3.5 km/h
[07:20:42][INFO][GPS] Chars: 944516 | Fixes: 2422 | Errors: 29 | Alt: 226.9m
[07:20:42][INFO][GEOFENCE] AtHome: YES | Distance: 12m | WiFi: CTNF-Universal
[07:20:42][INFO][WALK] Active: YES | Duration: 13 sec | Distance: 19m | Points: 13
[07:20:42][INFO][WALK] Steps: 32 | MaxSpeed: 4.0 | AvgSpeed: 3.5 | Manual: NO
[07:20:42][INFO][UPLOAD] Pending: 3 | Today uploads: 0 | Failed: 0
[07:20:42][INFO][WIFI] Connected: CTNF-Universal | IP: 192.168.29.106 | RSSI: -78 dBm
[07:20:42][INFO][ACCEL] X: -2.86 | Y: 3.69 | Z: 7.85 | Mag: 9.13 | Moving: NO
[07:20:43][INFO][WIFI] Connected! IP: 192.168.29.106
[07:20:43][UPLOAD][UPLOAD] --- Starting upload check ---
[07:20:43][UPLOAD][UPLOAD] === Processing: walk_76.json ===
[07:20:44][UPLOAD][UPLOAD] Parsed 352 GPS points from file
[07:20:44][UPLOAD][UPLOAD] URL: https://sunilperformancetracker-production.up.railway.app/api/walks/upload
[07:20:46][UPLOAD][UPLOAD] Payload size: 372 bytes, sending POST...

================================================================================
=== DOG WALKER GPS TRACKER - Session Started: 2026-01-20 12:50:24 ===
================================================================================
[12:50:24][INFO][SYSTEM] === SYSTEM STARTUP COMPLETE ===
[12:50:24][INFO][SYSTEM] Device: DOG_WALKER_001
[12:50:24][INFO][SYSTEM] Display: OK | SD: OK | Accel: OK
[12:50:24][INFO][SYSTEM] GPS: OK | Modem: OK | WiFi: OK
[12:50:24][INFO][WIFI] Connected to CTNF-Universal, IP: 192.168.29.106
[12:50:24][INFO][GEOFENCE] Home: 28.536500, 77.254600 | Start: 100m | End: 30m
[12:50:24][INFO][GEOFENCE] Home WiFi: CTNF-Universal | Standby display off: 60s
[12:51:17][INFO][GPS] First fix! Raw: 28.536487, 77.254633 | Filtered: 28.536487, 77.254633
[12:51:17][DEBUG][GPS] Chars: 455, Good: 1, Errors: 2, Sats: 0
[12:51:47][INFO][WIFI] Connected! IP: 192.168.29.106
[12:51:47][UPLOAD][UPLOAD] --- Starting upload check ---
[12:51:47][UPLOAD][UPLOAD] === Processing: walk_76.json ===
[12:51:49][UPLOAD][UPLOAD] Parsed 456 GPS points from file
[12:51:49][UPLOAD][UPLOAD] URL: https://sunilperformancetracker-production.up.railway.app/api/walks/upload
[12:51:51][UPLOAD][UPLOAD] Payload size: 1240 bytes, sending POST...

================================================================================
=== DOG WALKER GPS TRACKER - Session Started: 2026-01-20 12:52:13 ===
================================================================================
[12:52:13][INFO][SYSTEM] === SYSTEM STARTUP COMPLETE ===
[12:52:13][INFO][SYSTEM] Device: DOG_WALKER_001
[12:52:13][INFO][SYSTEM] Display: OK | SD: OK | Accel: OK
[12:52:13][INFO][SYSTEM] GPS: OK | Modem: FAIL | WiFi: OK
[12:52:13][INFO][WIFI] Connected to CTNF-Universal, IP: 192.168.29.106
[12:52:13][INFO][GEOFENCE] Home: 28.536500, 77.254600 | Start: 100m | End: 30m
[12:52:13][INFO][GEOFENCE] Home WiFi: CTNF-Universal | Standby display off: 60s
[12:52:22][DEBUG][GPS] Chars: 432, Good: 0, Errors: 1, Sats: 0
[12:52:51][INFO][WIFI] Connected! IP: 192.168.29.106
[12:52:51][UPLOAD][UPLOAD] --- Starting upload check ---
[12:52:51][UPLOAD][UPLOAD] === Processing: walk_76.json ===
[12:52:53][UPLOAD][UPLOAD] Parsed 352 GPS points from file
[12:52:53][UPLOAD][UPLOAD] URL: https://sunilperformancetracker-production.up.railway.app/api/walks/upload
[12:52:55][UPLOAD][UPLOAD] Payload size: 682 bytes, sending POST...

================================================================================
=== DOG WALKER GPS TRACKER - Session Started: 2026-01-20 12:53:05 ===
================================================================================
[12:53:05][INFO][SYSTEM] === SYSTEM STARTUP COMPLETE ===
[12:53:05][INFO][SYSTEM] Device: DOG_WALKER_001
[12:53:05][INFO][SYSTEM] Display: OK | SD: OK | Accel: OK
[12:53:05][INFO][SYSTEM] GPS: OK | Modem: OK | WiFi: OK
[12:53:05][INFO][WIFI] Connected to CTNF-Universal, IP: 192.168.29.106
[12:53:05][INFO][GEOFENCE] Home: 28.536500, 77.254600 | Start: 100m | End: 30m
[12:53:05][INFO][GEOFENCE] Home WiFi: CTNF-Universal | Standby display off: 60s
[12:53:25][DEBUG][GPS] Chars: 282, Good: 0, Errors: 2, Sats: 0
[12:53:56][DEBUG][GPS] Chars: 1278, Good: 0, Errors: 3, Sats: 0
[12:53:56][INFO][WIFI] Connected! IP: 192.168.29.106
[12:53:56][UPLOAD][UPLOAD] --- Starting upload check ---
[12:53:56][UPLOAD][UPLOAD] === Processing: walk_76.json ===
[12:53:57][UPLOAD][UPLOAD] Parsed 352 GPS points from file
[12:53:58][UPLOAD][UPLOAD] URL: https://sunilperformancetracker-production.up.railway.app/api/walks/upload
[12:54:00][UPLOAD][UPLOAD] Payload size: 682 bytes, sending POST...

================================================================================
=== DOG WALKER GPS TRACKER - Session Started: 2026-01-20 12:54:22 ===
================================================================================
[12:54:23][INFO][SYSTEM] === SYSTEM STARTUP COMPLETE ===
[12:54:23][INFO][SYSTEM] Device: DOG_WALKER_001
[12:54:23][INFO][SYSTEM] Display: OK | SD: OK | Accel: OK
[12:54:23][INFO][SYSTEM] GPS: OK | Modem: FAIL | WiFi: OK
[12:54:23][INFO][WIFI] Connected to CTNF-Universal, IP: 192.168.29.106
[12:54:23][INFO][GEOFENCE] Home: 28.536500, 77.254600 | Start: 100m | End: 30m
[12:54:23][INFO][GEOFENCE] Home WiFi: CTNF-Universal | Standby display off: 60s
[12:54:30][DEBUG][GPS] Chars: 284, Good: 0, Errors: 1, Sats: 0
[12:55:00][INFO][WIFI] Connected! IP: 192.168.29.106
[12:55:00][UPLOAD][UPLOAD] --- Starting upload check ---
[12:55:00][UPLOAD][UPLOAD] === Processing: walk_76.json ===
[12:55:02][UPLOAD][UPLOAD] Parsed 352 GPS points from file
[12:55:02][UPLOAD][UPLOAD] URL: https://sunilperformancetracker-production.up.railway.app/api/walks/upload
[12:55:04][UPLOAD][UPLOAD] Payload size: 744 bytes, sending POST...

================================================================================
=== DOG WALKER GPS TRACKER - Session Started: 2026-01-20 12:55:16 ===
================================================================================
[12:55:16][INFO][SYSTEM] === SYSTEM STARTUP COMPLETE ===
[12:55:16][INFO][SYSTEM] Device: DOG_WALKER_001
[12:55:16][INFO][SYSTEM] Display: OK | SD: OK | Accel: OK
[12:55:16][INFO][SYSTEM] GPS: OK | Modem: OK | WiFi: OK
[12:55:16][INFO][WIFI] Connected to CTNF-Universal, IP: 192.168.29.106
[12:55:16][INFO][GEOFENCE] Home: 28.536500, 77.254600 | Start: 100m | End: 30m
[12:55:16][INFO][GEOFENCE] Home WiFi: CTNF-Universal | Standby display off: 60s
[12:55:35][DEBUG][GPS] Chars: 588, Good: 0, Errors: 1, Sats: 0
[12:56:05][DEBUG][GPS] Chars: 1399, Good: 0, Errors: 2, Sats: 0
[12:56:05][INFO][WIFI] Connected! IP: 192.168.29.106
[12:56:05][UPLOAD][UPLOAD] --- Starting upload check ---
[12:56:05][UPLOAD][UPLOAD] === Processing: walk_76.json ===
[12:56:06][UPLOAD][UPLOAD] Parsed 352 GPS points from file
[12:56:06][UPLOAD][UPLOAD] URL: https://sunilperformancetracker-production.up.railway.app/api/walks/upload
[12:56:09][UPLOAD][UPLOAD] Payload size: 682 bytes, sending POST...

================================================================================
=== DOG WALKER GPS TRACKER - Session Started: 2026-01-20 12:56:31 ===
================================================================================
[12:56:31][INFO][SYSTEM] === SYSTEM STARTUP COMPLETE ===
[12:56:31][INFO][SYSTEM] Device: DOG_WALKER_001
[12:56:31][INFO][SYSTEM] Display: OK | SD: OK | Accel: OK
[12:56:31][INFO][SYSTEM] GPS: OK | Modem: FAIL | WiFi: OK
[12:56:31][INFO][WIFI] Connected to CTNF-Universal, IP: 192.168.29.106
[12:56:31][INFO][GEOFENCE] Home: 28.536500, 77.254600 | Start: 100m | End: 30m
[12:56:31][INFO][GEOFENCE] Home WiFi: CTNF-Universal | Standby display off: 60s
[12:56:39][DEBUG][GPS] Chars: 406, Good: 0, Errors: 1, Sats: 0

================================================================================
=== DOG WALKER GPS TRACKER - Session Started: 2026-01-20 15:59:23 ===
================================================================================
[15:59:23][INFO][SYSTEM] === SYSTEM STARTUP COMPLETE ===
[15:59:23][INFO][SYSTEM] Device: DOG_WALKER_001
[15:59:23][INFO][SYSTEM] Display: OK | SD: OK | Accel: OK
[15:59:23][INFO][SYSTEM] GPS: OK | Modem: OK | WiFi: OK
[15:59:23][INFO][WIFI] Connected to CTNF-Universal, IP: 192.168.29.106
[15:59:23][INFO][GEOFENCE] Home: 28.536500, 77.254600 | Start: 100m | End: 30m
[15:59:23][INFO][GEOFENCE] Home WiFi: CTNF-Universal | Standby display off: 60s
[15:59:39][DEBUG][GPS] Chars: 265, Good: 0, Errors: 1, Sats: 0
[15:59:43][INFO][WALK] ========== MANUAL WALK STARTED ==========
[15:59:43][INFO][WALK] Start location: GPS not available
[15:59:43][INFO][WALK] Unix timestamp: 1768904983
[15:59:43][INFO][WALK] Data file: /walks/walk_1768904983.json
[16:00:09][INFO][WIFI] Connected! IP: 192.168.29.106
[16:00:09][UPLOAD][UPLOAD] --- Starting upload check ---
[16:00:09][UPLOAD][UPLOAD] === Processing: walk_76.json ===
[16:00:11][UPLOAD][UPLOAD] Parsed 352 GPS points from file
[16:00:11][UPLOAD][UPLOAD] URL: https://sunilperformancetracker-production.up.railway.app/api/walks/upload
[16:00:13][UPLOAD][UPLOAD] Payload size: 558 bytes, sending POST...

================================================================================
=== DOG WALKER GPS TRACKER - Session Started: 2026-01-20 16:00:35 ===
================================================================================
[16:00:35][INFO][SYSTEM] === SYSTEM STARTUP COMPLETE ===
[16:00:35][INFO][SYSTEM] Device: DOG_WALKER_001
[16:00:35][INFO][SYSTEM] Display: OK | SD: OK | Accel: OK
[16:00:35][INFO][SYSTEM] GPS: OK | Modem: FAIL | WiFi: OK
[16:00:35][INFO][WIFI] Connected to CTNF-Universal, IP: 192.168.29.106
[16:00:35][INFO][GEOFENCE] Home: 28.536500, 77.254600 | Start: 100m | End: 30m
[16:00:35][INFO][GEOFENCE] Home WiFi: CTNF-Universal | Standby display off: 60s
[16:00:44][DEBUG][GPS] Chars: 889, Good: 0, Errors: 1, Sats: 0
[16:01:13][INFO][WIFI] Connected! IP: 192.168.29.106
[16:01:13][UPLOAD][UPLOAD] --- Starting upload check ---
[16:01:13][UPLOAD][UPLOAD] === Processing: walk_76.json ===
[16:01:14][UPLOAD][UPLOAD] Parsed 352 GPS points from file
[16:01:14][UPLOAD][UPLOAD] URL: https://sunilperformancetracker-production.up.railway.app/api/walks/upload
[16:01:17][UPLOAD][UPLOAD] Payload size: 775 bytes, sending POST...

================================================================================
=== DOG WALKER GPS TRACKER - Session Started: 2026-01-20 16:01:27 ===
================================================================================
[16:01:27][INFO][SYSTEM] === SYSTEM STARTUP COMPLETE ===
[16:01:27][INFO][SYSTEM] Device: DOG_WALKER_001
[16:01:27][INFO][SYSTEM] Display: OK | SD: OK | Accel: OK
[16:01:27][INFO][SYSTEM] GPS: OK | Modem: OK | WiFi: OK
[16:01:27][INFO][WIFI] Connected to CTNF-Universal, IP: 192.168.29.106
[16:01:27][INFO][GEOFENCE] Home: 28.536500, 77.254600 | Start: 100m | End: 30m
[16:01:27][INFO][GEOFENCE] Home WiFi: CTNF-Universal | Standby display off: 60s
[16:01:48][DEBUG][GPS] Chars: 846, Good: 0, Errors: 0, Sats: 0
[16:02:17][INFO][WIFI] Connected! IP: 192.168.29.106
[16:02:17][UPLOAD][UPLOAD] --- Starting upload check ---
[16:02:18][UPLOAD][UPLOAD] === Processing: walk_76.json ===
[16:02:19][UPLOAD][UPLOAD] Parsed 352 GPS points from file
[16:02:19][UPLOAD][UPLOAD] URL: https://sunilperformancetracker-production.up.railway.app/api/walks/upload
[16:02:21][UPLOAD][UPLOAD] Payload size: 682 bytes, sending POST...

================================================================================
=== DOG WALKER GPS TRACKER - Session Started: 2026-01-20 16:02:43 ===
================================================================================
[16:02:43][INFO][SYSTEM] === SYSTEM STARTUP COMPLETE ===
[16:02:43][INFO][SYSTEM] Device: DOG_WALKER_001
[16:02:43][INFO][SYSTEM] Display: OK | SD: OK | Accel: OK
[16:02:43][INFO][SYSTEM] GPS: OK | Modem: FAIL | WiFi: OK
[16:02:43][INFO][WIFI] Connected to CTNF-Universal, IP: 192.168.29.106
[16:02:43][INFO][GEOFENCE] Home: 28.536500, 77.254600 | Start: 100m | End: 30m
[16:02:43][INFO][GEOFENCE] Home WiFi: CTNF-Universal | Standby display off: 60s
[16:02:52][DEBUG][GPS] Chars: 702, Good: 0, Errors: 1, Sats: 0
[16:03:22][DEBUG][GPS] Chars: 1428, Good: 0, Errors: 2, Sats: 0
[16:03:22][INFO][WIFI] Connected! IP: 192.168.29.106
[16:03:22][UPLOAD][UPLOAD] --- Starting upload check ---
[16:03:22][UPLOAD][UPLOAD] === Processing: walk_76.json ===
[16:03:24][UPLOAD][UPLOAD] Parsed 352 GPS points from file
[16:03:24][UPLOAD][UPLOAD] URL: https://sunilperformancetracker-production.up.railway.app/api/walks/upload
[16:03:26][UPLOAD][UPLOAD] Payload size: 620 bytes, sending POST...

================================================================================
=== DOG WALKER GPS TRACKER - Session Started: 2026-01-20 16:03:36 ===
================================================================================
[16:03:36][INFO][SYSTEM] === SYSTEM STARTUP COMPLETE ===
[16:03:36][INFO][SYSTEM] Device: DOG_WALKER_001
[16:03:36][INFO][SYSTEM] Display: OK | SD: OK | Accel: OK
[16:03:36][INFO][SYSTEM] GPS: OK | Modem: OK | WiFi: OK
[16:03:36][INFO][WIFI] Connected to CTNF-Universal, IP: 192.168.29.106
[16:03:36][INFO][GEOFENCE] Home: 28.536500, 77.254600 | Start: 100m | End: 30m
[16:03:36][INFO][GEOFENCE] Home WiFi: CTNF-Universal | Standby display off: 60s
[16:03:57][DEBUG][GPS] Chars: 356, Good: 0, Errors: 1, Sats: 0
[16:04:26][INFO][WIFI] Connected! IP: 192.168.29.106
[16:04:26][UPLOAD][UPLOAD] --- Starting upload check ---
[16:04:26][UPLOAD][UPLOAD] === Processing: walk_76.json ===
[16:04:27][UPLOAD][UPLOAD] Parsed 352 GPS points from file
[16:04:27][UPLOAD][UPLOAD] URL: https://sunilperformancetracker-production.up.railway.app/api/walks/upload
[16:04:30][UPLOAD][UPLOAD] Payload size: 682 bytes, sending POST...

================================================================================
=== DOG WALKER GPS TRACKER - Session Started: 2026-01-20 16:04:52 ===
================================================================================
[16:04:52][INFO][SYSTEM] === SYSTEM STARTUP COMPLETE ===
[16:04:52][INFO][SYSTEM] Device: DOG_WALKER_001
[16:04:52][INFO][SYSTEM] Display: OK | SD: OK | Accel: OK
[16:04:52][INFO][SYSTEM] GPS: OK | Modem: FAIL | WiFi: OK
[16:04:52][INFO][WIFI] Connected to CTNF-Universal, IP: 192.168.29.106
[16:04:52][INFO][GEOFENCE] Home: 28.536500, 77.254600 | Start: 100m | End: 30m
[16:04:52][INFO][GEOFENCE] Home WiFi: CTNF-Universal | Standby display off: 60s
[16:05:00][DEBUG][GPS] Chars: 336, Good: 0, Errors: 2, Sats: 0
[16:05:30][DEBUG][GPS] Chars: 668, Good: 0, Errors: 3, Sats: 0
[16:05:31][INFO][WIFI] Connected! IP: 192.168.29.106
[16:05:31][UPLOAD][UPLOAD] --- Starting upload check ---
[16:05:31][UPLOAD][UPLOAD] === Processing: walk_76.json ===
[16:05:32][UPLOAD][UPLOAD] Parsed 359 GPS points from file
[16:05:32][UPLOAD][UPLOAD] URL: https://sunilperformancetracker-production.up.railway.app/api/walks/upload
[16:05:34][UPLOAD][UPLOAD] Payload size: 930 bytes, sending POST...

================================================================================
=== DOG WALKER GPS TRACKER - Session Started: 2026-01-20 16:05:44 ===
================================================================================
[16:05:44][INFO][SYSTEM] === SYSTEM STARTUP COMPLETE ===
[16:05:44][INFO][SYSTEM] Device: DOG_WALKER_001
[16:05:44][INFO][SYSTEM] Display: OK | SD: OK | Accel: OK
[16:05:44][INFO][SYSTEM] GPS: OK | Modem: OK | WiFi: OK
[16:05:44][INFO][WIFI] Connected to CTNF-Universal, IP: 192.168.29.106
[16:05:44][INFO][GEOFENCE] Home: 28.536500, 77.254600 | Start: 100m | End: 30m
[16:05:44][INFO][GEOFENCE] Home WiFi: CTNF-Universal | Standby display off: 60s
[16:06:05][DEBUG][GPS] Chars: 311, Good: 0, Errors: 1, Sats: 0
[16:06:35][INFO][WIFI] Connected! IP: 192.168.29.106
[16:06:35][UPLOAD][UPLOAD] --- Starting upload check ---
[16:06:35][UPLOAD][UPLOAD] === Processing: walk_76.json ===
[16:06:36][UPLOAD][UPLOAD] Parsed 352 GPS points from file
[16:06:36][UPLOAD][UPLOAD] URL: https://sunilperformancetracker-production.up.railway.app/api/walks/upload
[16:06:38][UPLOAD][UPLOAD] Payload size: 682 bytes, sending POST...

================================================================================
=== DOG WALKER GPS TRACKER - Session Started: 2026-01-20 16:07:00 ===
================================================================================
[16:07:00][INFO][SYSTEM] === SYSTEM STARTUP COMPLETE ===
[16:07:00][INFO][SYSTEM] Device: DOG_WALKER_001
[16:07:00][INFO][SYSTEM] Display: OK | SD: OK | Accel: OK
[16:07:00][INFO][SYSTEM] GPS: OK | Modem: FAIL | WiFi: OK
[16:07:01][INFO][WIFI] Connected to CTNF-Universal, IP: 192.168.29.106
[16:07:01][INFO][GEOFENCE] Home: 28.536500, 77.254600 | Start: 100m | End: 30m
[16:07:01][INFO][GEOFENCE] Home WiFi: CTNF-Universal | Standby display off: 60s
[16:07:09][DEBUG][GPS] Chars: 542, Good: 0, Errors: 1, Sats: 0
[16:07:39][INFO][GPS] First fix! Raw: 28.536138, 77.253681 | Filtered: 28.536138, 77.253681
[16:07:39][DEBUG][GPS] Chars: 1366, Good: 1, Errors: 2, Sats: 0
[16:07:39][INFO][WIFI] Connected! IP: 192.168.29.106
[16:07:39][UPLOAD][UPLOAD] --- Starting upload check ---
[16:07:39][UPLOAD][UPLOAD] === Processing: walk_76.json ===
[16:07:41][UPLOAD][UPLOAD] Parsed 352 GPS points from file
[16:07:41][UPLOAD][UPLOAD] URL: https://sunilperformancetracker-production.up.railway.app/api/walks/upload
[16:07:43][UPLOAD][UPLOAD] Payload size: 558 bytes, sending POST...

================================================================================
=== DOG WALKER GPS TRACKER - Session Started: 2026-01-20 16:07:53 ===
================================================================================
[16:07:53][INFO][SYSTEM] === SYSTEM STARTUP COMPLETE ===
[16:07:53][INFO][SYSTEM] Device: DOG_WALKER_001
[16:07:53][INFO][SYSTEM] Display: OK | SD: OK | Accel: OK
[16:07:53][INFO][SYSTEM] GPS: OK | Modem: OK | WiFi: OK
[16:07:53][INFO][WIFI] Connected to CTNF-Universal, IP: 192.168.29.106
[16:07:53][INFO][GEOFENCE] Home: 28.536500, 77.254600 | Start: 100m | End: 30m
[16:07:53][INFO][GEOFENCE] Home WiFi: CTNF-Universal | Standby display off: 60s
[16:08:14][INFO][GPS] First fix! Raw: 28.536155, 77.254011 | Filtered: 28.536155, 77.254011
[16:08:14][DEBUG][GPS] Chars: 274, Good: 1, Errors: 1, Sats: 0
[16:08:14][INFO][WALK] ========== WALK STARTED ==========
[16:08:14][INFO][WALK] Start location: 28.536155, 77.254011
[16:08:14][INFO][WALK] GPS satellites: 0, Speed: 7.0 km/h
[16:08:14][INFO][WALK] Unix timestamp: 1768905494
[16:08:14][INFO][WALK] Data file: /walks/walk_1768905494.json
[16:08:44][INFO][WIFI] Connected! IP: 192.168.29.106
[16:08:44][UPLOAD][UPLOAD] --- Starting upload check ---
[16:08:44][UPLOAD][UPLOAD] === Processing: walk_76.json ===
[16:08:45][UPLOAD][UPLOAD] Parsed 352 GPS points from file
[16:08:45][UPLOAD][UPLOAD] URL: https://sunilperformancetracker-production.up.railway.app/api/walks/upload
[16:08:47][UPLOAD][UPLOAD] Payload size: 620 bytes, sending POST...

================================================================================
=== DOG WALKER GPS TRACKER - Session Started: 2026-01-20 10:39:24 ===
================================================================================
[10:39:24][INFO][SYSTEM] === SYSTEM STARTUP COMPLETE ===
[10:39:24][INFO][SYSTEM] Device: DOG_WALKER_001
[10:39:24][INFO][SYSTEM] Display: OK | SD: OK | Accel: OK
[10:39:24][INFO][SYSTEM] GPS: OK | Modem: FAIL | WiFi: FAIL
[10:39:24][INFO][GEOFENCE] Home: 28.536500, 77.254600 | Start: 100m | End: 30m
[10:39:24][INFO][GEOFENCE] Home WiFi: CTNF-Universal | Standby display off: 60s
[10:39:24][INFO][GPS] First fix! Raw: 28.536027, 77.253816 | Filtered: 28.536027, 77.253816
[10:39:24][DEBUG][GPS] Chars: 576, Good: 2, Errors: 2, Sats: 7
[10:39:26][INFO][WALK] ========== WALK STARTED ==========
[10:39:26][INFO][WALK] Start location: 28.536027, 77.253816
[10:39:26][INFO][WALK] GPS satellites: 7, Speed: 3.8 km/h
[10:39:26][INFO][WALK] Unix timestamp: 1768905566
[10:39:26][INFO][WALK] Data file: /walks/walk_1768905566.json
[10:39:34][INFO][GEOFENCE] Left home - auto-starting walk
[10:39:48][INFO][WIFI] Attempting reconnection...
[10:40:03][WARN][WIFI] Reconnection failed
[10:40:03][DEBUG][GPS] Chars: 14733, Good: 41, Errors: 4, Sats: 7
[10:40:33][DEBUG][GPS] Chars: 37606, Good: 101, Errors: 4, Sats: 7
[10:40:48][INFO][STATUS] === Periodic Status Report ===
[10:40:48][INFO][STATUS] Uptime: 2 min | Free heap: 207420 bytes
[10:40:48][INFO][POWER] Battery: 62% | Standby: NO | Display: ON
[10:40:48][INFO][GPS] Valid: YES | Sats: 7 | Lat: 28.535776 | Lon: 77.252508 | Speed: 6.1 km/h
[10:40:48][INFO][GPS] Chars: 48322 | Fixes: 129 | Errors: 4 | Alt: -30.1m
[10:40:48][INFO][GEOFENCE] AtHome: NO | Distance: 220m | WiFi: disconnected
[10:40:48][INFO][WALK] Active: YES | Duration: 81 sec | Distance: 134m | Points: 66
[10:40:48][INFO][WALK] Steps: 62 | MaxSpeed: 12.3 | AvgSpeed: 8.2 | Manual: NO
[10:40:48][INFO][UPLOAD] Pending: 3 | Today uploads: 0 | Failed: 0
[10:40:48][INFO][WIFI] Disconnected
[10:40:48][INFO][ACCEL] X: 0.71 | Y: 6.51 | Z: 5.22 | Mag: 8.37 | Moving: NO
[10:40:48][INFO][WIFI] Attempting reconnection...
[10:41:03][WARN][WIFI] Reconnection failed
[10:41:04][DEBUG][GPS] Chars: 50180, Good: 134, Errors: 4, Sats: 8
[10:41:34][DEBUG][GPS] Chars: 72750, Good: 194, Errors: 4, Sats: 8
[10:41:48][INFO][WIFI] Attempting reconnection...
[10:42:03][WARN][WIFI] Reconnection failed
[10:42:04][DEBUG][GPS] Chars: 83974, Good: 224, Errors: 5, Sats: 9
[10:42:34][DEBUG][GPS] Chars: 106053, Good: 284, Errors: 5, Sats: 9
[10:42:48][INFO][STATUS] === Periodic Status Report ===
[10:42:48][INFO][STATUS] Uptime: 4 min | Free heap: 207420 bytes
[10:42:48][INFO][POWER] Battery: 62% | Standby: NO | Display: ON
[10:42:48][INFO][GPS] Valid: YES | Sats: 9 | Lat: 28.535980 | Lon: 77.255354 | Speed: 2.7 km/h
[10:42:48][INFO][GPS] Chars: 115499 | Fixes: 310 | Errors: 5 | Alt: 152.4m
[10:42:48][INFO][GEOFENCE] AtHome: NO | Distance: 94m | WiFi: disconnected
[10:42:48][INFO][WALK] Active: YES | Duration: 201 sec | Distance: 417m | Points: 156
[10:42:48][INFO][WALK] Steps: 165 | MaxSpeed: 12.3 | AvgSpeed: 4.7 | Manual: NO
[10:42:48][INFO][UPLOAD] Pending: 3 | Today uploads: 0 | Failed: 0
[10:42:48][INFO][WIFI] Disconnected
[10:42:48][INFO][ACCEL] X: -1.57 | Y: 5.14 | Z: 6.83 | Mag: 8.69 | Moving: NO
[10:42:48][INFO][WIFI] Attempting reconnection...
[10:43:03][WARN][WIFI] Reconnection failed
[10:43:04][DEBUG][GPS] Chars: 117222, Good: 315, Errors: 6, Sats: 9
[10:43:34][DEBUG][GPS] Chars: 138736, Good: 375, Errors: 6, Sats: 9
[10:43:48][INFO][WIFI] Attempting reconnection...
[10:44:03][WARN][WIFI] Reconnection failed
[10:44:04][DEBUG][GPS] Chars: 149797, Good: 406, Errors: 7, Sats: 8
[10:44:34][DEBUG][GPS] Chars: 170281, Good: 466, Errors: 7, Sats: 9
[10:44:48][INFO][STATUS] === Periodic Status Report ===
[10:44:48][INFO][STATUS] Uptime: 6 min | Free heap: 207408 bytes
[10:44:48][INFO][POWER] Battery: 62% | Standby: NO | Display: ON
[10:44:48][INFO][GPS] Valid: YES | Sats: 9 | Lat: 28.536075 | Lon: 77.254190 | Speed: 6.7 km/h
[10:44:48][INFO][GPS] Chars: 179294 | Fixes: 492 | Errors: 7 | Alt: 61.8m
[10:44:48][INFO][GEOFENCE] AtHome: NO | Distance: 62m | WiFi: disconnected
[10:44:48][INFO][WALK] Active: YES | Duration: 321 sec | Distance: 625m | Points: 246
[10:44:48][INFO][WALK] Steps: 220 | MaxSpeed: 12.3 | AvgSpeed: 4.6 | Manual: NO
[10:44:48][INFO][UPLOAD] Pending: 3 | Today uploads: 0 | Failed: 0
[10:44:48][INFO][WIFI] Disconnected
[10:44:48][INFO][ACCEL] X: -1.80 | Y: 6.12 | Z: 6.79 | Mag: 9.31 | Moving: NO
[10:44:48][INFO][WIFI] Attempting reconnection...
[10:45:03][WARN][WIFI] Reconnection failed
[10:45:05][DEBUG][GPS] Chars: 180961, Good: 497, Errors: 8, Sats: 9
[10:45:35][DEBUG][GPS] Chars: 201485, Good: 557, Errors: 8, Sats: 8
[10:45:48][INFO][WIFI] Attempting reconnection...
[10:46:03][WARN][WIFI] Reconnection failed
[10:46:05][DEBUG][GPS] Chars: 211901, Good: 588, Errors: 9, Sats: 9
[10:46:35][DEBUG][GPS] Chars: 231975, Good: 648, Errors: 9, Sats: 8
[10:46:48][INFO][STATUS] === Periodic Status Report ===
[10:46:48][INFO][STATUS] Uptime: 8 min | Free heap: 207420 bytes
[10:46:48][INFO][POWER] Battery: 62% | Standby: NO | Display: ON
[10:46:48][INFO][GPS] Valid: YES | Sats: 7 | Lat: 28.535814 | Lon: 77.254474 | Speed: 4.7 km/h
[10:46:48][INFO][GPS] Chars: 240678 | Fixes: 675 | Errors: 9 | Alt: 102.3m
[10:46:48][INFO][GEOFENCE] AtHome: NO | Distance: 77m | WiFi: disconnected
[10:46:48][INFO][WALK] Active: YES | Duration: 441 sec | Distance: 720m | Points: 336
[10:46:48][INFO][WALK] Steps: 248 | MaxSpeed: 12.3 | AvgSpeed: 4.6 | Manual: NO
[10:46:48][INFO][UPLOAD] Pending: 3 | Today uploads: 0 | Failed: 0
[10:46:48][INFO][WIFI] Disconnected
[10:46:48][INFO][ACCEL] X: -1.06 | Y: 8.36 | Z: 5.37 | Mag: 9.99 | Moving: NO
[10:46:48][INFO][WIFI] Attempting reconnection...
[10:47:03][WARN][WIFI] Reconnection failed
[10:47:05][DEBUG][GPS] Chars: 242320, Good: 679, Errors: 10, Sats: 8
[10:47:35][DEBUG][GPS] Chars: 262981, Good: 739, Errors: 10, Sats: 9
[10:47:48][INFO][WIFI] Attempting reconnection...
[10:48:03][WARN][WIFI] Reconnection failed
[10:48:05][DEBUG][GPS] Chars: 273481, Good: 770, Errors: 11, Sats: 11
[10:48:35][DEBUG][GPS] Chars: 294962, Good: 830, Errors: 11, Sats: 13
[10:48:48][INFO][STATUS] === Periodic Status Report ===
[10:48:48][INFO][STATUS] Uptime: 10 min | Free heap: 207372 bytes
[10:48:48][INFO][POWER] Battery: 60% | Standby: NO | Display: ON
[10:48:48][INFO][GPS] Valid: YES | Sats: 13 | Lat: 28.535820 | Lon: 77.255117 | Speed: 1.5 km/h
[10:48:48][INFO][GPS] Chars: 304380 | Fixes: 856 | Errors: 11 | Alt: 176.1m
[10:48:48][INFO][GEOFENCE] AtHome: NO | Distance: 91m | WiFi: disconnected
[10:48:48][INFO][WALK] Active: YES | Duration: 561 sec | Distance: 815m | Points: 426
[10:48:48][INFO][WALK] Steps: 314 | MaxSpeed: 12.3 | AvgSpeed: 3.9 | Manual: NO
[10:48:48][INFO][UPLOAD] Pending: 3 | Today uploads: 0 | Failed: 0
[10:48:48][INFO][WIFI] Disconnected
[10:48:48][INFO][ACCEL] X: 0.86 | Y: 4.24 | Z: 6.32 | Mag: 7.65 | Moving: YES
[10:48:48][INFO][WIFI] Attempting reconnection...
[10:49:04][WARN][WIFI] Reconnection failed
[10:49:05][DEBUG][GPS] Chars: 306174, Good: 861, Errors: 12, Sats: 12
[10:49:35][DEBUG][GPS] Chars: 327919, Good: 921, Errors: 12, Sats: 11
[10:49:48][INFO][WIFI] Attempting reconnection...
[10:50:04][WARN][WIFI] Reconnection failed
[10:50:05][DEBUG][GPS] Chars: 339226, Good: 952, Errors: 13, Sats: 10
[10:50:35][DEBUG][GPS] Chars: 360883, Good: 1012, Errors: 13, Sats: 14
[10:50:48][INFO][STATUS] === Periodic Status Report ===
[10:50:48][INFO][STATUS] Uptime: 12 min | Free heap: 207372 bytes
[10:50:48][INFO][POWER] Battery: 62% | Standby: NO | Display: ON
[10:50:48][INFO][GPS] Valid: YES | Sats: 14 | Lat: 28.535730 | Lon: 77.255827 | Speed: 0.5 km/h
[10:50:48][INFO][GPS] Chars: 370531 | Fixes: 1038 | Errors: 13 | Alt: 265.3m
[10:50:48][INFO][GEOFENCE] AtHome: NO | Distance: 147m | WiFi: disconnected
[10:50:48][INFO][WALK] Active: YES | Duration: 681 sec | Distance: 901m | Points: 516
[10:50:48][INFO][WALK] Steps: 461 | MaxSpeed: 12.3 | AvgSpeed: 3.5 | Manual: NO
[10:50:48][INFO][UPLOAD] Pending: 3 | Today uploads: 0 | Failed: 0
[10:50:48][INFO][WIFI] Disconnected
[10:50:48][INFO][ACCEL] X: -3.22 | Y: 5.57 | Z: 8.32 | Mag: 10.51 | Moving: NO
[10:50:48][INFO][WIFI] Attempting reconnection...
[10:51:04][WARN][WIFI] Reconnection failed
[10:51:05][DEBUG][GPS] Chars: 372423, Good: 1043, Errors: 14, Sats: 13
[10:51:35][DEBUG][GPS] Chars: 394546, Good: 1104, Errors: 14, Sats: 12
[10:51:49][INFO][WIFI] Attempting reconnection...
[10:52:04][WARN][WIFI] Reconnection failed
[10:52:05][DEBUG][GPS] Chars: 405796, Good: 1133, Errors: 15, Sats: 14
[10:52:35][DEBUG][GPS] Chars: 427899, Good: 1194, Errors: 15, Sats: 11
[10:52:48][INFO][STATUS] === Periodic Status Report ===
[10:52:48][INFO][STATUS] Uptime: 14 min | Free heap: 207372 bytes
[10:52:48][INFO][POWER] Battery: 62% | Standby: NO | Display: ON
[10:52:48][INFO][GPS] Valid: YES | Sats: 10 | Lat: 28.535955 | Lon: 77.256119 | Speed: 3.6 km/h
[10:52:48][INFO][GPS] Chars: 437080 | Fixes: 1219 | Errors: 15 | Alt: 314.7m
[10:52:48][INFO][GEOFENCE] AtHome: NO | Distance: 160m | WiFi: disconnected
[10:52:48][INFO][WALK] Active: YES | Duration: 801 sec | Distance: 990m | Points: 606
[10:52:48][INFO][WALK] Steps: 515 | MaxSpeed: 12.3 | AvgSpeed: 3.4 | Manual: NO
[10:52:48][INFO][UPLOAD] Pending: 3 | Today uploads: 0 | Failed: 0
[10:52:48][INFO][WIFI] Disconnected
[10:52:48][INFO][ACCEL] X: -2.31 | Y: 8.08 | Z: 8.98 | Mag: 12.30 | Moving: YES
[10:52:49][INFO][WIFI] Attempting reconnection...
[10:53:04][WARN][WIFI] Reconnection failed
[10:53:05][DEBUG][GPS] Chars: 438906, Good: 1224, Errors: 16, Sats: 10
[10:53:35][DEBUG][GPS] Chars: 460279, Good: 1284, Errors: 16, Sats: 7
[10:53:49][INFO][WIFI] Attempting reconnection...
[10:54:04][WARN][WIFI] Reconnection failed
[10:54:05][DEBUG][GPS] Chars: 471227, Good: 1314, Errors: 17, Sats: 7
[10:54:35][DEBUG][GPS] Chars: 492400, Good: 1374, Errors: 17, Sats: 11
[10:54:44][INFO][GEOFENCE] Arrived home - auto-ending walk
[10:54:44][INFO][WALK] ========== MANUAL WALK ENDED ==========
[10:54:44][INFO][WALK] Duration: 917 sec (15.3 min)
[10:54:44][INFO][WALK] Distance: 1258 m (1.26 km)
[10:54:44][INFO][WALK] Data points: 693
[10:54:44][INFO][WALK] Steps: 671
[10:54:44][INFO][WALK] Queued for upload: /pending/walk_1768905566.json
[10:54:45][INFO][WALK] ========== WALK STARTED ==========
[10:54:45][INFO][WALK] Start location: 28.536385, 77.255612
[10:54:45][INFO][WALK] GPS satellites: 12, Speed: 5.4 km/h
[10:54:45][INFO][WALK] Unix timestamp: 1768906484
[10:54:45][INFO][WALK] Data file: /walks/walk_1768906484.json
[10:54:48][INFO][STATUS] === Periodic Status Report ===
[10:54:48][INFO][STATUS] Uptime: 16 min | Free heap: 206492 bytes
[10:54:48][INFO][POWER] Battery: 61% | Standby: YES | Display: ON
[10:54:48][INFO][GPS] Valid: YES | Sats: 12 | Lat: 28.536385 | Lon: 77.255612 | Speed: 5.4 km/h
[10:54:48][INFO][GPS] Chars: 499510 | Fixes: 1393 | Errors: 17 | Alt: 196.0m
[10:54:48][INFO][GEOFENCE] AtHome: YES | Distance: 100m | WiFi: CTNF-Universal
[10:54:48][INFO][WALK] Active: YES | Duration: 3 sec | Distance: 0m | Points: 3
[10:54:48][INFO][WALK] Steps: 6 | MaxSpeed: 5.4 | AvgSpeed: 5.4 | Manual: NO
[10:54:48][INFO][UPLOAD] Pending: 4 | Today uploads: 0 | Failed: 0
[10:54:48][INFO][WIFI] Connected: CTNF-Universal | IP: 192.168.29.106 | RSSI: -83 dBm
[10:54:48][INFO][ACCEL] X: -1.02 | Y: 9.53 | Z: 8.20 | Mag: 12.61 | Moving: YES
[10:54:49][INFO][WIFI] Connected! IP: 192.168.29.106
[10:54:49][UPLOAD][UPLOAD] --- Starting upload check ---
[10:54:49][UPLOAD][UPLOAD] === Processing: walk_76.json ===
[10:54:50][UPLOAD][UPLOAD] Parsed 352 GPS points from file
[10:54:50][UPLOAD][UPLOAD] URL: https://sunilperformancetracker-production.up.railway.app/api/walks/upload
[10:54:52][UPLOAD][UPLOAD] Payload size: 620 bytes, sending POST...

================================================================================
=== DOG WALKER GPS TRACKER - Session Started: 2026-01-20 16:24:57 ===
================================================================================
[16:24:57][INFO][SYSTEM] === SYSTEM STARTUP COMPLETE ===
[16:24:57][INFO][SYSTEM] Device: DOG_WALKER_001
[16:24:57][INFO][SYSTEM] Display: OK | SD: OK | Accel: OK
[16:24:57][INFO][SYSTEM] GPS: OK | Modem: OK | WiFi: OK
[16:24:57][INFO][WIFI] Connected to CTNF-Universal, IP: 192.168.29.106
[16:24:57][INFO][GEOFENCE] Home: 28.536500, 77.254600 | Start: 100m | End: 30m
[16:24:57][INFO][GEOFENCE] Home WiFi: CTNF-Universal | Standby display off: 60s
[16:25:23][INFO][GPS] First fix! Raw: 28.536792, 77.255824 | Filtered: 28.536792, 77.255824
[16:25:23][DEBUG][GPS] Chars: 863, Good: 2, Errors: 0, Sats: 11
[16:25:24][INFO][WALK] ========== WALK STARTED ==========
[16:25:24][INFO][WALK] Start location: 28.536792, 77.255824
[16:25:24][INFO][WALK] GPS satellites: 11, Speed: 2.7 km/h
[16:25:24][INFO][WALK] Unix timestamp: 1768906524
[16:25:24][INFO][WALK] Data file: /walks/walk_1768906524.json
[16:25:53][INFO][WIFI] Connected! IP: 192.168.29.106
[16:25:53][UPLOAD][UPLOAD] --- Starting upload check ---
[16:25:53][UPLOAD][UPLOAD] === Processing: walk_76.json ===
[16:25:54][UPLOAD][UPLOAD] Parsed 352 GPS points from file
[16:25:54][UPLOAD][UPLOAD] URL: https://sunilperformancetracker-production.up.railway.app/api/walks/upload
[16:25:56][UPLOAD][UPLOAD] Payload size: 899 bytes, sending POST...

================================================================================
=== DOG WALKER GPS TRACKER - Session Started: 2026-01-20 16:26:19 ===
================================================================================
[16:26:19][INFO][SYSTEM] === SYSTEM STARTUP COMPLETE ===
[16:26:19][INFO][SYSTEM] Device: DOG_WALKER_001
[16:26:19][INFO][SYSTEM] Display: OK | SD: OK | Accel: OK
[16:26:19][INFO][SYSTEM] GPS: OK | Modem: FAIL | WiFi: OK
[16:26:19][INFO][WIFI] Connected to CTNF-Universal, IP: 192.168.29.106
[16:26:19][INFO][GEOFENCE] Home: 28.536500, 77.254600 | Start: 100m | End: 30m
[16:26:19][INFO][GEOFENCE] Home WiFi: CTNF-Universal | Standby display off: 60s
[16:26:27][DEBUG][GPS] Chars: 645, Good: 0, Errors: 1, Sats: 0
[16:26:57][INFO][WIFI] Connected! IP: 192.168.29.106
[16:26:57][UPLOAD][UPLOAD] --- Starting upload check ---
[16:26:57][UPLOAD][UPLOAD] === Processing: walk_76.json ===
[16:26:59][UPLOAD][UPLOAD] Parsed 352 GPS points from file
[16:26:59][UPLOAD][UPLOAD] URL: https://sunilperformancetracker-production.up.railway.app/api/walks/upload
[16:27:01][UPLOAD][UPLOAD] Payload size: 775 bytes, sending POST...

================================================================================
=== DOG WALKER GPS TRACKER - Session Started: 2026-01-20 16:27:11 ===
================================================================================
[16:27:11][INFO][SYSTEM] === SYSTEM STARTUP COMPLETE ===
[16:27:12][INFO][SYSTEM] Device: DOG_WALKER_001
[16:27:12][INFO][SYSTEM] Display: OK | SD: OK | Accel: OK
[16:27:12][INFO][SYSTEM] GPS: OK | Modem: OK | WiFi: OK
[16:27:12][INFO][WIFI] Connected to CTNF-Universal, IP: 192.168.29.106
[16:27:12][INFO][GEOFENCE] Home: 28.536500, 77.254600 | Start: 100m | End: 30m
[16:27:12][INFO][GEOFENCE] Home WiFi: CTNF-Universal | Standby display off: 60s
[16:27:31][DEBUG][GPS] Chars: 293, Good: 0, Errors: 1, Sats: 0
[16:28:01][INFO][WIFI] Connected! IP: 192.168.29.106
[16:28:01][UPLOAD][UPLOAD] --- Starting upload check ---
[16:28:01][UPLOAD][UPLOAD] === Processing: walk_76.json ===
[16:28:03][UPLOAD][UPLOAD] Parsed 352 GPS points from file
[16:28:03][UPLOAD][UPLOAD] URL: https://sunilperformancetracker-production.up.railway.app/api/walks/upload
[16:28:05][UPLOAD][UPLOAD] Payload size: 434 bytes, sending POST...
